error[E0277]: expected a `Fn<(&u8, &u8)>` closure, found `()`
 --> tests/compile_fail/compare_op/ord_by_not_fn.rs:5:16
  |
5 |     #[ord(by = ())]
  |                ^^ expected an `Fn<(&u8, &u8)>` closure, found `()`
...
8 |     x: u8,
  |     - required by a bound introduced by this call
  |
  = help: the trait `for<'a, 'b> Fn<(&'a u8, &'b u8)>` is not implemented for `()`
note: required by a bound in `__ord__x`
 --> tests/compile_fail/compare_op/ord_by_not_fn.rs:3:1
  |
3 | #[derive_ex(Ord, PartialOrd, Eq, PartialEq)]
  | ^^^^^^^^^^^^^^^^^^^^^^^^^^^^^^^^^^^^^^^^^^^^ required by this bound in `__ord__x`
...
8 |     x: u8,
  |     - required by a bound in this function
  = note: this error originates in the attribute macro `derive_ex` (in Nightly builds, run with -Z macro-backtrace for more info)
